// Jest Snapshot v1, https://goo.gl/fbAQLP

exports[`Renders correctly with one resource 1`] = `
<div
  className="sc-bdVaJa kHsrTA"
>
  <div>
    <p
      className="sc-bwzfXH kGGnuj"
    >
      Test 1
      <a
        className="sc-htpNat gPKckf"
        href="www.chayn.co"
        target="__blank"
      />
    </p>
  </div>
</div>
`;

exports[`Renders correctly with two resources 1`] = `
<div
  className="sc-bdVaJa kHsrTA"
>
  <div>
    <p
      className="sc-bwzfXH kGGnuj"
    >
      Test 1
      <a
        className="sc-htpNat gPKckf"
        href="www.chayn.co"
        target="__blank"
      />
    </p>
  </div>
  <div>
    <p
      className="sc-bwzfXH kGGnuj"
    >
      Test 1
      <a
        className="sc-htpNat gPKckf"
        href="www.chayn.co"
        target="__blank"
      />
    </p>
  </div>
</div>
`;
